precision: device_type=cpu requested_dtype=fp32 effective_dtype=float32
Model Params: 64.21M
Trainable Params: 64.205M
packed: /Users/leonskennedy/AI coding open/侧端大模型/lab/data/v3/packed_B n_seq=500251 seq_len=512 tokenizer_sha256=ff99beb3a8ea206d… doc_order_sha256=7d204f346dc15680…
packed run: total_updates=7339 tokens_per_update=16352 total_tokens_requested=120000000 schedule=wsd
update [100/7339] lr=0.00013699 loss_nats_per_target=7.7294 bpb=2.2960 grad_norm=0.6889 tokens_cum=1635200/120000000
update [200/7339] lr=0.00020000 loss_nats_per_target=6.8459 bpb=2.1322 grad_norm=0.9269 tokens_cum=3270400/120000000
update [300/7339] lr=0.00020000 loss_nats_per_target=6.4286 bpb=1.8031 grad_norm=0.8661 tokens_cum=4905600/120000000
update [400/7339] lr=0.00020000 loss_nats_per_target=6.0131 bpb=1.8287 grad_norm=0.8440 tokens_cum=6540800/120000000
update [500/7339] lr=0.00020000 loss_nats_per_target=5.7496 bpb=1.8417 grad_norm=0.8368 tokens_cum=8176000/120000000
update [600/7339] lr=0.00020000 loss_nats_per_target=5.4382 bpb=1.5805 grad_norm=0.7980 tokens_cum=9811200/120000000
update [700/7339] lr=0.00020000 loss_nats_per_target=5.3121 bpb=1.6618 grad_norm=0.8292 tokens_cum=11446400/120000000
update [800/7339] lr=0.00020000 loss_nats_per_target=4.9408 bpb=1.4828 grad_norm=1.0377 tokens_cum=13081600/120000000
update [900/7339] lr=0.00020000 loss_nats_per_target=4.7485 bpb=1.4557 grad_norm=0.8458 tokens_cum=14716800/120000000
update [1000/7339] lr=0.00020000 loss_nats_per_target=4.7851 bpb=1.4375 grad_norm=0.8806 tokens_cum=16352000/120000000
update [1100/7339] lr=0.00020000 loss_nats_per_target=4.5365 bpb=1.3358 grad_norm=0.8968 tokens_cum=17987200/120000000
update [1200/7339] lr=0.00020000 loss_nats_per_target=4.4634 bpb=1.3931 grad_norm=0.8405 tokens_cum=19622400/120000000
update [1300/7339] lr=0.00020000 loss_nats_per_target=4.2703 bpb=1.3073 grad_norm=0.8674 tokens_cum=21257600/120000000
update [1400/7339] lr=0.00020000 loss_nats_per_target=4.1772 bpb=1.2784 grad_norm=0.8847 tokens_cum=22892800/120000000
update [1500/7339] lr=0.00020000 loss_nats_per_target=3.9723 bpb=1.2263 grad_norm=0.8391 tokens_cum=24528000/120000000
update [1600/7339] lr=0.00020000 loss_nats_per_target=3.7538 bpb=1.1790 grad_norm=0.8978 tokens_cum=26163200/120000000
update [1700/7339] lr=0.00020000 loss_nats_per_target=3.8040 bpb=1.1772 grad_norm=0.8167 tokens_cum=27798400/120000000
update [1800/7339] lr=0.00020000 loss_nats_per_target=3.7471 bpb=1.1966 grad_norm=0.8282 tokens_cum=29433600/120000000
update [1900/7339] lr=0.00020000 loss_nats_per_target=3.6996 bpb=1.1324 grad_norm=0.8397 tokens_cum=31068800/120000000
update [2000/7339] lr=0.00020000 loss_nats_per_target=3.6813 bpb=1.1453 grad_norm=0.8009 tokens_cum=32704000/120000000
update [2100/7339] lr=0.00020000 loss_nats_per_target=3.4530 bpb=1.0407 grad_norm=0.8148 tokens_cum=34339200/120000000
update [2200/7339] lr=0.00020000 loss_nats_per_target=3.5690 bpb=1.1196 grad_norm=0.9583 tokens_cum=35974400/120000000
update [2300/7339] lr=0.00020000 loss_nats_per_target=3.4758 bpb=1.0769 grad_norm=0.7984 tokens_cum=37609600/120000000
update [2400/7339] lr=0.00020000 loss_nats_per_target=3.6125 bpb=1.1354 grad_norm=0.7894 tokens_cum=39244800/120000000
update [2500/7339] lr=0.00020000 loss_nats_per_target=3.4750 bpb=1.0555 grad_norm=0.7856 tokens_cum=40880000/120000000
update [2600/7339] lr=0.00020000 loss_nats_per_target=3.4605 bpb=1.0663 grad_norm=0.8397 tokens_cum=42515200/120000000
update [2700/7339] lr=0.00020000 loss_nats_per_target=3.4157 bpb=1.0576 grad_norm=0.7878 tokens_cum=44150400/120000000
update [2800/7339] lr=0.00020000 loss_nats_per_target=3.2770 bpb=1.0527 grad_norm=1.2839 tokens_cum=45785600/120000000
update [2900/7339] lr=0.00020000 loss_nats_per_target=3.2250 bpb=1.0702 grad_norm=0.8901 tokens_cum=47420800/120000000
update [3000/7339] lr=0.00020000 loss_nats_per_target=3.3012 bpb=0.9958 grad_norm=0.7653 tokens_cum=49056000/120000000
update [3100/7339] lr=0.00020000 loss_nats_per_target=3.2942 bpb=1.0683 grad_norm=0.8232 tokens_cum=50691200/120000000
update [3200/7339] lr=0.00020000 loss_nats_per_target=3.2836 bpb=0.9947 grad_norm=0.7709 tokens_cum=52326400/120000000
update [3300/7339] lr=0.00020000 loss_nats_per_target=3.2803 bpb=1.0603 grad_norm=0.7978 tokens_cum=53961600/120000000
update [3400/7339] lr=0.00020000 loss_nats_per_target=3.2444 bpb=1.0177 grad_norm=0.7838 tokens_cum=55596800/120000000
update [3500/7339] lr=0.00020000 loss_nats_per_target=3.3260 bpb=0.9509 grad_norm=0.8021 tokens_cum=57232000/120000000
update [3600/7339] lr=0.00020000 loss_nats_per_target=3.0122 bpb=0.8992 grad_norm=0.7498 tokens_cum=58867200/120000000
update [3700/7339] lr=0.00020000 loss_nats_per_target=3.1488 bpb=0.9474 grad_norm=0.7863 tokens_cum=60502400/120000000
update [3800/7339] lr=0.00020000 loss_nats_per_target=3.1549 bpb=0.9066 grad_norm=0.7453 tokens_cum=62137600/120000000
update [3900/7339] lr=0.00020000 loss_nats_per_target=3.3191 bpb=0.9904 grad_norm=0.7633 tokens_cum=63772800/120000000
update [4000/7339] lr=0.00020000 loss_nats_per_target=3.2187 bpb=1.0107 grad_norm=0.7969 tokens_cum=65408000/120000000
update [4100/7339] lr=0.00020000 loss_nats_per_target=3.1762 bpb=1.0460 grad_norm=0.7629 tokens_cum=67043200/120000000
update [4200/7339] lr=0.00020000 loss_nats_per_target=3.1142 bpb=0.9874 grad_norm=0.8025 tokens_cum=68678400/120000000
update [4300/7339] lr=0.00020000 loss_nats_per_target=3.2891 bpb=1.0257 grad_norm=0.8662 tokens_cum=70313600/120000000
update [4400/7339] lr=0.00020000 loss_nats_per_target=3.1186 bpb=0.9687 grad_norm=0.7655 tokens_cum=71948800/120000000
update [4500/7339] lr=0.00020000 loss_nats_per_target=3.1968 bpb=0.9960 grad_norm=0.7860 tokens_cum=73584000/120000000
update [4600/7339] lr=0.00020000 loss_nats_per_target=3.0380 bpb=0.9029 grad_norm=0.7694 tokens_cum=75219200/120000000
update [4700/7339] lr=0.00020000 loss_nats_per_target=3.0466 bpb=0.9652 grad_norm=0.7447 tokens_cum=76854400/120000000
update [4800/7339] lr=0.00020000 loss_nats_per_target=2.9497 bpb=0.9611 grad_norm=0.7564 tokens_cum=78489600/120000000
update [4900/7339] lr=0.00020000 loss_nats_per_target=3.1738 bpb=0.9309 grad_norm=0.7599 tokens_cum=80124800/120000000
update [5000/7339] lr=0.00020000 loss_nats_per_target=3.1223 bpb=0.9285 grad_norm=0.7383 tokens_cum=81760000/120000000
update [5100/7339] lr=0.00020000 loss_nats_per_target=3.0633 bpb=1.0213 grad_norm=0.7607 tokens_cum=83395200/120000000
update [5200/7339] lr=0.00020000 loss_nats_per_target=3.0835 bpb=0.9357 grad_norm=0.7320 tokens_cum=85030400/120000000
update [5300/7339] lr=0.00020000 loss_nats_per_target=3.1259 bpb=0.9825 grad_norm=0.7307 tokens_cum=86665600/120000000
update [5400/7339] lr=0.00020000 loss_nats_per_target=3.1020 bpb=1.0541 grad_norm=0.7593 tokens_cum=88300800/120000000
update [5500/7339] lr=0.00020000 loss_nats_per_target=3.1101 bpb=0.9271 grad_norm=0.7508 tokens_cum=89936000/120000000
update [5600/7339] lr=0.00020000 loss_nats_per_target=3.0482 bpb=0.9700 grad_norm=0.7575 tokens_cum=91571200/120000000
update [5700/7339] lr=0.00020000 loss_nats_per_target=3.1359 bpb=0.9268 grad_norm=0.7387 tokens_cum=93206400/120000000
update [5800/7339] lr=0.00020000 loss_nats_per_target=2.8823 bpb=0.9036 grad_norm=0.7250 tokens_cum=94841600/120000000
update [5900/7339] lr=0.00020000 loss_nats_per_target=3.1028 bpb=0.9837 grad_norm=0.7460 tokens_cum=96476800/120000000
update [6000/7339] lr=0.00020000 loss_nats_per_target=2.8287 bpb=0.8414 grad_norm=0.7068 tokens_cum=98112000/120000000
update [6100/7339] lr=0.00020000 loss_nats_per_target=2.9695 bpb=0.8745 grad_norm=0.7249 tokens_cum=99747200/120000000
update [6200/7339] lr=0.00020000 loss_nats_per_target=2.8922 bpb=0.9244 grad_norm=0.7252 tokens_cum=101382400/120000000
update [6300/7339] lr=0.00020000 loss_nats_per_target=2.9372 bpb=0.9253 grad_norm=0.7188 tokens_cum=103017600/120000000
update [6400/7339] lr=0.00020000 loss_nats_per_target=2.8895 bpb=0.8540 grad_norm=0.7208 tokens_cum=104652800/120000000
update [6500/7339] lr=0.00020000 loss_nats_per_target=2.9841 bpb=0.9109 grad_norm=0.7233 tokens_cum=106288000/120000000
update [6600/7339] lr=0.00020000 loss_nats_per_target=2.9978 bpb=0.8900 grad_norm=0.7189 tokens_cum=107923200/120000000
update [6700/7339] lr=0.00019294 loss_nats_per_target=2.9950 bpb=0.8952 grad_norm=0.7166 tokens_cum=109558400/120000000
update [6800/7339] lr=0.00017093 loss_nats_per_target=2.9041 bpb=0.9104 grad_norm=0.7059 tokens_cum=111193600/120000000
update [6900/7339] lr=0.00013788 loss_nats_per_target=2.9369 bpb=1.0002 grad_norm=0.7166 tokens_cum=112828800/120000000
update [7000/7339] lr=0.00009980 loss_nats_per_target=2.8673 bpb=0.8525 grad_norm=0.6703 tokens_cum=114464000/120000000
update [7100/7339] lr=0.00006356 loss_nats_per_target=2.8879 bpb=0.8710 grad_norm=0.6837 tokens_cum=116099200/120000000
update [7200/7339] lr=0.00003572 loss_nats_per_target=2.9131 bpb=0.8838 grad_norm=0.6908 tokens_cum=117734400/120000000
update [7300/7339] lr=0.00002132 loss_nats_per_target=2.7447 bpb=0.8395 grad_norm=0.6820 tokens_cum=119369600/120000000
update [7339/7339] lr=0.00002000 loss_nats_per_target=2.6986 bpb=0.8148 grad_norm=0.6989 tokens_cum=120007328/120000000
